2026-07-21 09:16:39,882 | INFO | Student Registered
2026-07-21 09:16:39,883 | WARNING | Invalid Password
2026-07-21 09:16:39,883 | ERROR | Student Record Not Found
2026-07-21 09:20:27,308 | INFO | Student Added -> Name:nomna, Roll:24, Course:agentic ai
2026-07-21 09:20:58,777 | INFO | Student Management System Closed.
2026-07-21 09:54:18,981 | WARNING | Invalid Menu Choice Selected.
2026-07-21 09:54:43,552 | INFO | Student Management System Closed.
2026-07-21 10:14:47,002 | INFO | User 'noman' logged in.
2026-07-21 10:14:47,002 | INFO | User 'noman' logged out.
2026-07-21 10:24:44,601 | INFO | Amount '{amount}' deposited successfully
2026-07-21 10:31:48,969 | ERROR | Your amount '{amount}' is invalid
2026-07-21 10:33:00,253 | ERROR | Your amount :{amount} is invalid
2026-07-21 10:39:24,100 | ERROR | Invalid amount: 4000.00.available balance: 1000.000000
2026-07-21 10:39:53,853 | INFO | Amount  deposited successfully: 5000.0
2026-07-21 10:42:47,309 | INFO | Amount deposited successfully: 6000.00. Your balance is now: 7000.00
2026-07-21 10:44:13,775 | INFO | Your balance is: 7000.000000 
2026-07-28 07:55:43,170 | INFO | Acount Number is: '{account_no}' added
2026-07-28 07:56:57,884 | INFO | Acount Number is: 123456.00 added
2026-07-28 07:57:34,043 | INFO | Amount : %.2f withdrawn successfully. 
2026-07-28 07:58:33,286 | INFO | Amount : %.2f withdrawn successfully. 
2026-07-28 07:59:20,387 | INFO | Amount deposited successfully: 4000.00. Your balance is now: 4000.00
2026-07-28 08:00:27,907 | INFO | Amount : %.2f withdrawn successfully. 
2026-07-28 08:02:40,979 | INFO | Amount : %.2f withdrawn successfully. 
2026-07-28 08:10:03,020 | INFO | Amount deposited successfully: 5000.00. Your balance is now: 6000.00
2026-07-28 08:10:16,816 | INFO | Amount: 1500.00 withdrawn successfully.
2026-07-28 08:10:16,816 | INFO | Current balance: 4500.00
